// Jest Snapshot v1, https://goo.gl/fbAQLP

exports[`Button Basic html 1`] = `
<button
  className=""
  data-testid="onClickButton"
  onClick={[Function]}
>
  hello
</button>
`;
